{"timestamp":"2026-08-06T01:55:26.931280Z","level":"info","event":"::group::Pre Execute","logger":"task","filename":"task_runner.py","lineno":2303}
{"timestamp":"2026-08-06T01:55:26.977602Z","level":"info","event":"DAG bundles loaded: dags-folder","task_id":"check_databricks_job_status","dag_id":"databricks_orchestration","try_number":1,"run_id":"scheduled__2026-08-06T01:55:00+00:00","ti_id":"019fd4c7-f2fd-7f52-8d6c-5a324f96a843","map_index":-1,"logger":"airflow.dag_processing.bundles.manager.DagBundlesManager","filename":"manager.py","lineno":271}
{"timestamp":"2026-08-06T01:55:26.980141Z","level":"info","event":"Filling up the DagBag from /opt/airflow/dags/databricks_orchestrate.py","task_id":"check_databricks_job_status","dag_id":"databricks_orchestration","try_number":1,"run_id":"scheduled__2026-08-06T01:55:00+00:00","ti_id":"019fd4c7-f2fd-7f52-8d6c-5a324f96a843","map_index":-1,"logger":"airflow.dag_processing.dagbag.BundleDagBag","filename":"dagbag.py","lineno":460}
{"timestamp":"2026-08-06T01:55:28.990624Z","level":"warning","event":"The `airflow.operators.trigger_dagrun.TriggerDagRunOperator` attribute is deprecated. Please use `'airflow.providers.standard.operators.trigger_dagrun.TriggerDagRunOperator'`.","category":"UserWarning","filename":"/opt/airflow/dags/databricks_orchestrate.py","lineno":5,"task_id":"check_databricks_job_status","dag_id":"databricks_orchestration","try_number":1,"run_id":"scheduled__2026-08-06T01:55:00+00:00","ti_id":"019fd4c7-f2fd-7f52-8d6c-5a324f96a843","map_index":-1,"logger":"py.warnings"}
{"timestamp":"2026-08-06T01:55:28.992924Z","level":"info","event":"Worker startup parse complete","bundle_name":"dags-folder","bundle_version":null,"dag_file":"databricks_orchestrate.py","dag_id":"databricks_orchestration","bundle_prepare_ms":3,"dag_file_parse_ms":2013,"task_id":"check_databricks_job_status","try_number":1,"run_id":"scheduled__2026-08-06T01:55:00+00:00","ti_id":"019fd4c7-f2fd-7f52-8d6c-5a324f96a843","map_index":-1,"logger":"task","filename":"task_runner.py","lineno":1062}
{"timestamp":"2026-08-06T01:55:29.065040Z","level":"info","event":"::endgroup::","task_id":"check_databricks_job_status","dag_id":"databricks_orchestration","try_number":1,"run_id":"scheduled__2026-08-06T01:55:00+00:00","ti_id":"019fd4c7-f2fd-7f52-8d6c-5a324f96a843","map_index":-1,"logger":"task","filename":"task_runner.py","lineno":2107}
{"timestamp":"2026-08-06T01:55:29.311440Z","level":"info","event":"None","logger":"task.stdout"}
{"timestamp":"2026-08-06T01:55:29.313124Z","level":"info","event":"Job is still running","logger":"task.stdout"}
{"timestamp":"2026-08-06T01:55:39.289626Z","level":"info","event":"Job is still running","logger":"task.stdout"}
{"timestamp":"2026-08-06T01:55:43.922930Z","level":"info","event":"Job is still running","logger":"task.stdout"}
{"timestamp":"2026-08-06T01:55:56.214235Z","level":"info","event":"Job is still running","logger":"task.stdout"}
{"timestamp":"2026-08-06T01:55:57.896565Z","level":"info","event":"Job is still running","logger":"task.stdout"}
{"timestamp":"2026-08-06T01:56:02.970410Z","level":"info","event":"Job is still running","logger":"task.stdout"}
{"timestamp":"2026-08-06T01:56:08.037165Z","level":"info","event":"Job is still running","logger":"task.stdout"}
{"timestamp":"2026-08-06T01:56:13.228379Z","level":"info","event":"Job is still running","logger":"task.stdout"}
{"timestamp":"2026-08-06T01:56:18.311386Z","level":"info","event":"Job is still running","logger":"task.stdout"}
{"timestamp":"2026-08-06T01:56:23.386406Z","level":"info","event":"Job is still running","logger":"task.stdout"}
{"timestamp":"2026-08-06T01:56:28.463391Z","level":"info","event":"Job is still running","logger":"task.stdout"}
{"timestamp":"2026-08-06T01:56:33.529215Z","level":"info","event":"Job is still running","logger":"task.stdout"}
{"timestamp":"2026-08-06T01:56:38.631538Z","level":"info","event":"Job is still running","logger":"task.stdout"}
{"timestamp":"2026-08-06T01:56:43.692508Z","level":"info","event":"Job is still running","logger":"task.stdout"}
{"timestamp":"2026-08-06T01:56:48.767687Z","level":"info","event":"Job is still running","logger":"task.stdout"}
{"timestamp":"2026-08-06T01:56:53.999184Z","level":"info","event":"Job is still running","logger":"task.stdout"}
{"timestamp":"2026-08-06T01:56:59.185008Z","level":"info","event":"Job is still running","logger":"task.stdout"}
{"timestamp":"2026-08-06T01:57:04.243511Z","level":"info","event":"Job is still running","logger":"task.stdout"}
{"timestamp":"2026-08-06T01:57:09.302758Z","level":"info","event":"Job is still running","logger":"task.stdout"}
{"timestamp":"2026-08-06T01:57:14.402108Z","level":"info","event":"Job is still running","logger":"task.stdout"}
{"timestamp":"2026-08-06T01:57:19.469161Z","level":"info","event":"Job is still running","logger":"task.stdout"}
{"timestamp":"2026-08-06T01:57:24.544243Z","level":"info","event":"Job is still running","logger":"task.stdout"}
{"timestamp":"2026-08-06T01:57:29.615868Z","level":"info","event":"Job is still running","logger":"task.stdout"}
{"timestamp":"2026-08-06T01:57:34.689719Z","level":"info","event":"Job is still running","logger":"task.stdout"}
{"timestamp":"2026-08-06T01:57:39.765513Z","level":"info","event":"Job is still running","logger":"task.stdout"}
{"timestamp":"2026-08-06T01:57:44.834049Z","level":"info","event":"Job is still running","logger":"task.stdout"}
{"timestamp":"2026-08-06T01:57:49.938553Z","level":"info","event":"Job is still running","logger":"task.stdout"}
{"timestamp":"2026-08-06T01:57:55.007580Z","level":"info","event":"Job is still running","logger":"task.stdout"}
{"timestamp":"2026-08-06T01:58:00.085870Z","level":"info","event":"Job is still running","logger":"task.stdout"}
{"timestamp":"2026-08-06T01:58:05.160732Z","level":"info","event":"Job is still running","logger":"task.stdout"}
{"timestamp":"2026-08-06T01:58:10.256793Z","level":"info","event":"Job is still running","logger":"task.stdout"}
{"timestamp":"2026-08-06T01:58:15.339921Z","level":"info","event":"Job is still running","logger":"task.stdout"}
{"timestamp":"2026-08-06T01:58:20.442000Z","level":"info","event":"Job is still running","logger":"task.stdout"}
{"timestamp":"2026-08-06T01:58:42.222807Z","level":"info","event":"Job is still running","logger":"task.stdout"}
{"timestamp":"2026-08-06T01:58:42.231104Z","level":"info","event":"Job is still running","logger":"task.stdout"}
{"timestamp":"2026-08-06T01:58:47.165957Z","level":"info","event":"Job is still running","logger":"task.stdout"}
{"timestamp":"2026-08-06T01:58:52.234092Z","level":"info","event":"Job is still running","logger":"task.stdout"}
{"timestamp":"2026-08-06T01:58:57.301846Z","level":"info","event":"Job is still running","logger":"task.stdout"}
{"timestamp":"2026-08-06T01:59:02.395244Z","level":"info","event":"Job is still running","logger":"task.stdout"}
{"timestamp":"2026-08-06T01:59:17.734868Z","level":"info","event":"Job is still running","logger":"task.stdout"}
{"timestamp":"2026-08-06T01:59:17.735412Z","level":"info","event":"Job is still running","logger":"task.stdout"}
{"timestamp":"2026-08-06T01:59:22.550169Z","level":"info","event":"Job is still running","logger":"task.stdout"}
{"timestamp":"2026-08-06T01:59:27.621640Z","level":"info","event":"Job is still running","logger":"task.stdout"}
{"timestamp":"2026-08-06T01:59:32.697567Z","level":"info","event":"Job is still running","logger":"task.stdout"}
{"timestamp":"2026-08-06T01:59:37.794828Z","level":"error","event":"Server indicated the task shouldn't be running anymore. Terminating process","detail":{"reason":"not_running","message":"TI is no longer in the running state and task should terminate","current_state":"failed"},"logger":"task"}
{"timestamp":"2026-08-06T01:59:37.819581Z","level":"info","event":"Job is still running","logger":"task.stdout"}
{"timestamp":"2026-08-06T01:59:43.723036Z","level":"info","event":"Job is still running","logger":"task.stdout"}
{"timestamp":"2026-08-06T01:59:44.270567Z","level":"error","event":"Task killed!","logger":"task"}
